// Jest Snapshot v1, https://goo.gl/fbAQLP

exports[`map renders correctly 1`] = `
ShallowWrapper {
  "length": 1,
  Symbol(enzyme.__root__): [Circular],
  Symbol(enzyme.__unrendered__): <withScriptjs(withGoogleMap(Mapsfunction))
    containerElement={
        <div
            style={
                Object {
                    "height": "800px",
                  }
            }
        />
    }
    googleMapURL="https://maps.googleapis.com/maps/api/js?key=AIzaSyC4R6AN7SmujjPUIGKdyao2Kqitzr1kiRg&v=3.exp&libraries=geometry,drawing,places"
    isMarkerShown={true}
    lat=""
    lng=""
    loadingElement={
        <div
            style={
                Object {
                    "height": "100%",
                  }
            }
        />
    }
    mapElement={
        <div
            style={
                Object {
                    "height": "100%",
                  }
            }
        />
    }
    onMarkerClick={[Function]}
/>,
  Symbol(enzyme.__renderer__): Object {
    "batchedUpdates": [Function],
    "getNode": [Function],
    "render": [Function],
    "simulateEvent": [Function],
    "unmount": [Function],
  },
  Symbol(enzyme.__node__): Object {
    "instance": null,
    "key": undefined,
    "nodeType": "host",
    "props": Object {
      "style": Object {
        "height": "100%",
      },
    },
    "ref": null,
    "rendered": null,
    "type": "div",
  },
  Symbol(enzyme.__nodes__): Array [
    Object {
      "instance": null,
      "key": undefined,
      "nodeType": "host",
      "props": Object {
        "style": Object {
          "height": "100%",
        },
      },
      "ref": null,
      "rendered": null,
      "type": "div",
    },
  ],
  Symbol(enzyme.__options__): Object {
    "adapter": ReactSixteenAdapter {
      "options": Object {
        "enableComponentDidUpdateOnSetState": true,
      },
    },
  },
}
`;
